// Jest Snapshot v1, https://goo.gl/fbAQLP

exports[`Home Page should  1`] = `
<DocumentFragment>
  <nav
    class="navbar-sc-8gcs5t-0 fbOnTP main-navbar"
  >
    <div
      class="Texts__SecondaryTitle-sc-5d7d2m-0 gAzKjp"
    >
      <h4>
        React Hooks
      </h4>
    </div>
    <span
      id="nav-icon"
    >
      🍔
    </span>
  </nav>
  <div
    class="layout__Page-sc-1lvij4u-0 fDLBPE"
  >
    <main
      class="layout__Main-sc-1lvij4u-1 kweqBy"
    >
      <section
        class="title-sc-2igzia-0 cFwbxr Home-Title"
      >
        <h1>
          React Hooks
        </h1>
        <h3>
          <span>
            React
          </span>
           
          <span>
            hooks
          </span>
           
          <span>
            with
          </span>
           
          <span>
            Marcell
          </span>
        </h3>
      </section>
    </main>
  </div>
  <footer
    class="footer-p4wu29-0 iDSFZH MainFooter"
  >
    <div
      class="Texts__SecondaryTitle-sc-5d7d2m-0 gAzKjp"
    >
      <h4>
        React Hooks
      </h4>
    </div>
    <div
      class="Footerstyles__FooterListWrapper-sc-1sn5qiw-0 hsnCZF"
    />
  </footer>
</DocumentFragment>
`;
